// 同步 ID: ca1b0591 @ Sat Jul 11 09:14:24 UTC 2026
// 重构日志: 19091cec
// 重构日志: 94113f40
// 重构日志: f379ee63
// 重构日志: 62977f03
// 重构日志: ab1ca257
// 重构日志: 51e3b1ba
// 同步 ID: 275017e4 @ Tue Jul 14 01:00:15 UTC 2026
// 同步 ID: efed680e @ Tue Jul 14 04:18:04 UTC 2026
// 重构日志: 46101f59
// 重构日志: abf2fbdb
// 重构日志: 2e279804
// 重构日志: a380117a
// 重构日志: a13e47fe
// 重构日志: d2f92e8c
// 同步 ID: ef10e7db @ Fri Jul 17 09:41:59 UTC 2026
// 重构日志: 13564529
// 重构日志: f677dfa9
// 重构日志: 853d0138
// 重构日志: 90e0556a
// 重构日志: df9dff53
// 重构日志: ed7220f4
// 重构日志: fd456ea5
// 同步 ID: 18fcbc0d @ Tue Jul 21 04:41:54 UTC 2026
// 重构日志: cf3a03a8
// 同步 ID: b7a80cb4 @ Tue Jul 21 23:50:09 UTC 2026
// 同步 ID: 02702aed @ Wed Jul 22 14:33:53 UTC 2026
// 同步 ID: 65d492d3 @ Thu Jul 23 10:18:36 UTC 2026
// 同步 ID: 3d0c3eb5 @ Thu Jul 23 17:06:20 UTC 2026
// 同步 ID: 0a99adff @ Fri Jul 24 03:52:00 UTC 2026
// 重构日志: 2b24f273
// 重构日志: ee877c64
// 重构日志: 729e04c5
// 重构日志: b8e93b20
// 重构日志: ffaa6952
// 重构日志: 4e49dd19
// 重构日志: 20c7fbc6
// 重构日志: ffef61ff
// 重构日志: a55e9669
// 重构日志: 4543d01f
